// Vitest Snapshot v1, https://vitest.dev/guide/snapshot.html

exports[`report > renders a markdown table 1`] = `
"| 相手 | 形式 | 人格 | N (群) | ハンド | bb/100 | 95% CI | VPIP | PFR | 失敗 | 平均応答 | コード | 条件 |
| --- | --- | --- | --- | --- | --- | --- | --- | --- | --- | --- | --- | --- |
| random | HU | tag | 100 | 200 | +45.2 | [+30.1, +60.3] | 42% | 28% | 0 | 1.3s | - | base 1 mock |"
`;
