// Vitest Snapshot v1, https://vitest.dev/guide/snapshot.html

exports[`compressState > matches snapshot shape 1`] = `
{
  "actor": {
    "position": "BTN",
    "seat": 0,
  },
  "hand": {
    "beatsPctOfHands": 60,
    "board": "Qh Jh 2c",
    "board_texture": {
      "flushPossible": false,
      "paired": false,
      "straightPossible": false,
    },
    "draws": [
      "flush_draw",
      "gutshot",
    ],
    "equityVsRandomPct": 57,
    "holeCards": "Ah Kh",
    "madeHand": "high_card",
    "preflopStrength": "premium",
    "street": "flop",
  },
  "history": [
    {
      "action": "raise",
      "amountBB": 3,
      "isMe": false,
      "seat": 1,
      "street": "preflop",
    },
  ],
  "importantContext": [
    "Only legal actions are offered.",
    "Amounts are in big blinds.",
    "You cannot see other players' hole cards.",
    "Stay in character as the persona.",
    "actor.seat is you: entries with isMe true in stacksBB and history are your own stack and your own earlier actions.",
    "equityVsRandomPct is your estimated chance to win at showdown against random hands. Opponents who have bet or raised usually hold far better than random hands, so discount it heavily against aggression.",
    "beatsPctOfHands is exact: the share of all possible opponent holdings your hand beats right now. It is the main measure of strength after the flop; the hand category alone (e.g. two pair) can be misleading on paired or coordinated boards (see board_texture).",
    "Before calling, compare your equity with requiredEquityPct (the pot odds). Do not call large bets or raises unless beatsPctOfHands is very high (about 85 or more) or you have a strong draw getting the right price.",
    "A bluff raise only profits when opponents fold often enough; against an opponent who has already shown strength it rarely does. Whether to bluff and whether to continue against a re-raise are separate decisions.",
    "When myBetWasRaisedThisStreet is true, your bet has been raised and the raiser is usually very strong: re-raise only with beatsPctOfHands of about 95 or more, call only with a strong hand or a draw at the right price, otherwise fold. Bluff re-raises are rarely profitable in this spot.",
    "raisesThisStreet counts the bets and raises so far on this street; two or more means someone is very strong, so anything but a near-nut hand should fold.",
    "On the turn and river, a bet from an opponent usually beats one pair; call with one pair only when the bet is small relative to the pot, and fold to big bets and raises.",
    "pairKind tells how good a one-pair hand is: top_pair and overpair are decent, middle_pair, bottom_pair, underpair and board_pair are weak.",
    "Heads-up, the button should open-raise most hands and the big blind should defend against small raises; folding the small blind too often bleeds chips.",
    "When unopenedPot is true (everyone before you folded), open-raising to steal the blinds is very profitable: raise a wide range from late position (CO, BTN, SB), a medium range from MP, and a solid range from UTG. Limping (calling the big blind) is rarely right; raise or fold.",
    "Preflop, once someone has already raised, only premium and strong hands should re-raise (3-bet); medium hands may call a single raise, everything else folds. If your own raise gets re-raised, continue only with premium hands (4-bet or call) and fold everything else, however big your earlier raise was. 4-bet bluffs are rarely profitable against tight opponents.",
    "Preflop raise sizes: open to about 2.5-3 big blinds; 3-bet to about 3 times the raise; 4-bet to about 2.5 times the 3-bet. Use "minimum" or "about one third of the pot" for opens and "about two thirds of the pot" for re-raises rather than large sizes.",
    "stackToPotRatio is your remaining stack divided by the pot. When it is low, continuing is cheap relative to the pot: judge the call by requiredEquityPct against the likely range of the opponent instead of folding automatically, and avoid a raise that commits most of your stack with a hand you would not call an all-in with.",
  ],
  "persona": {
    "description": "A tight-aggressive regular. Plays a narrow range of strong starting hands, raises rather than calls, bets for value and folds when the odds are poor. Bluffs occasionally in good spots but never for the sake of it.",
    "name": "TAG",
  },
  "table": {
    "effectiveStackBB": 50,
    "myBetWasRaisedThisStreet": false,
    "opponentsNotAllIn": 1,
    "playersInHand": 3,
    "position": "BTN",
    "potBB": 12,
    "potOddsPct": 25,
    "raisesThisStreet": 0,
    "requiredEquityPct": 25,
    "stackToPotRatio": 7.5,
    "stacksBB": [
      {
        "folded": false,
        "isAllIn": false,
        "isMe": true,
        "seat": 0,
        "stackBB": 90,
      },
      {
        "folded": false,
        "isAllIn": false,
        "isMe": false,
        "seat": 1,
        "stackBB": 50,
      },
      {
        "folded": false,
        "isAllIn": true,
        "isMe": false,
        "seat": 2,
        "stackBB": 0,
      },
    ],
    "toCallBB": 4,
  },
  "task": "Decide the next poker action for the acting player in No-Limit Texas Hold'em.",
}
`;
