// Vitest Snapshot v1, https://vitest.dev/guide/snapshot.html

exports[`compressState > matches snapshot shape 1`] = `
{
  "hand": {
    "board": "Qh Jh 2c",
    "draws": [
      "flush_draw",
      "gutshot",
    ],
    "equityVsRandomPct": 57,
    "holeCards": "Ah Kh",
    "madeHand": "high_card",
    "preflopStrength": "premium",
    "street": "flop",
  },
  "history": [
    {
      "action": "raise",
      "amountBB": 3,
      "seat": 1,
      "street": "preflop",
    },
  ],
  "importantContext": [
    "Only legal actions are offered.",
    "Amounts are in big blinds.",
    "You cannot see other players' hole cards.",
    "Stay in character as the persona.",
    "equityVsRandomPct is your estimated chance to win at showdown against random hands. Opponents who have bet or raised usually hold far better than random hands, so discount it heavily against aggression.",
    "Before calling, compare your equity with requiredEquityPct (the pot odds). Do not call large bets or raises without a strong made hand (two pair or better) or a strong draw getting the right price.",
    "Do not raise as a bluff if you would fold to a re-raise; a bluff only works when the opponent can fold.",
    "When your bet is raised, re-raise only for value with two pair or better; with a draw call only if the price is right, otherwise fold. Never bluff re-raise and then fold.",
    "On the turn and river, a bet from an opponent usually beats one pair; call with one pair only when the bet is small relative to the pot, and fold to big bets and raises.",
    "pairKind tells how good a one-pair hand is: top_pair and overpair are decent, middle_pair, bottom_pair, underpair and board_pair are weak.",
    "Heads-up, the button should open-raise most hands and the big blind should defend against small raises; folding the small blind too often bleeds chips.",
  ],
  "persona": {
    "description": "A tight-aggressive regular. Plays a narrow range of strong starting hands, raises rather than calls, bets for value and folds when the odds are poor. Bluffs occasionally in good spots but never for the sake of it.",
    "name": "TAG",
  },
  "table": {
    "effectiveStackBB": 50,
    "playersInHand": 3,
    "playersToAct": 1,
    "position": "BTN",
    "potBB": 12,
    "potOddsPct": 25,
    "requiredEquityPct": 25,
    "stacksBB": [
      {
        "folded": false,
        "isAllIn": false,
        "seat": 0,
        "stackBB": 90,
      },
      {
        "folded": false,
        "isAllIn": false,
        "seat": 1,
        "stackBB": 50,
      },
      {
        "folded": false,
        "isAllIn": true,
        "seat": 2,
        "stackBB": 0,
      },
    ],
    "toCallBB": 4,
  },
  "task": "Decide the next poker action for the acting player in No-Limit Texas Hold'em.",
}
`;
